<div class="lol">
    <h1>Markdown, Yeah!</h1>
    <hr>
    <blockquote>
    <p>Working !</p>
    </blockquote>

</div>