<div>
<h1>Heading 1</h1>
<hr>
<p>Paragraph with some text</p>
<p><em>Italic</em>
<strong>Bold</strong></p>
<ul>
<li>List item 1</li>
<li>List item 2</li>
<li>List item 3</li>
</ul>
</div>
