<h1>Heading</h1>
<pre><code class="language-js">function () {
  console.log(&quot;Hello&quot;)
}
</code></pre>
