<h1>Hello there</h1>
<h2>Imported content should be above me</h2>
